// Jest Snapshot v1, https://goo.gl/fbAQLP

exports[`Answer Text component renders correctly 1`] = `
<dd
  itemProp="acceptedAnswer"
  itemScope={true}
  itemType="https://schema.org/Answer"
>
  <div
    itemProp="text"
  />
</dd>
`;
