// Jest Snapshot v1, https://goo.gl/fbAQLP

exports[`SEO component renders correctly 1`] = `[Function]`;
