// Jest Snapshot v1, https://goo.gl/fbAQLP

exports[`<Hero /> component renders correctly 1`] = `
<div
  className="MuiPaper-root MuiCard-root MuiPaper-elevation1 MuiPaper-rounded"
>
  <div
    className="MuiCardMedia-root"
  />
  <div
    className="MuiCardContent-root"
  >
    <h2
      className="MuiTypography-root MuiTypography-h2 makeStyles-h2-1 MuiTypography-gutterBottom"
    />
    <a
      aria-disabled={false}
      className="MuiTypography-root MuiLink-root MuiLink-underlineNone MuiButtonBase-root MuiButton-root MuiButton-contained MuiButton-containedPrimary MuiTypography-colorPrimary"
      href="/quero-aprender"
      onBlur={[Function]}
      onDragLeave={[Function]}
      onFocus={[Function]}
      onKeyDown={[Function]}
      onKeyUp={[Function]}
      onMouseDown={[Function]}
      onMouseLeave={[Function]}
      onMouseUp={[Function]}
      onTouchEnd={[Function]}
      onTouchMove={[Function]}
      onTouchStart={[Function]}
      role="button"
      tabIndex={0}
      target="_self"
    >
      <span
        className="MuiButton-label"
      >
        Quero aprender
      </span>
    </a>
     
    <a
      aria-disabled={false}
      className="MuiTypography-root MuiLink-root MuiLink-underlineNone MuiButtonBase-root MuiButton-root MuiButton-contained MuiTypography-colorPrimary"
      href="/tire-suas-duvidas"
      onBlur={[Function]}
      onDragLeave={[Function]}
      onFocus={[Function]}
      onKeyDown={[Function]}
      onKeyUp={[Function]}
      onMouseDown={[Function]}
      onMouseLeave={[Function]}
      onMouseUp={[Function]}
      onTouchEnd={[Function]}
      onTouchMove={[Function]}
      onTouchStart={[Function]}
      role="button"
      tabIndex={0}
      target="_self"
    >
      <span
        className="MuiButton-label"
      >
        Tire suas dúvidas
      </span>
    </a>
  </div>
</div>
`;
