// Jest Snapshot v1, https://goo.gl/fbAQLP

exports[`Default layout renders correctly 1`] = `
Array [
  <header>
    <h1
      id="logo"
    >
      <a
        href="/"
      >
        Educod@r
      </a>
    </h1>
    <nav />
  </header>,
  <main />,
  <footer>
    <p>
      ThoughtWorks
    </p>
  </footer>,
]
`;
