// Jest Snapshot v1, https://goo.gl/fbAQLP

exports[`Conduct Code Link component renders correctly 1`] = `
<a
  href="/codigo-de-conduta"
  rel={null}
  target="_self"
>
  Código de Conduta
</a>
`;
